08-08 17:25:11.717 W/ReactNativeJS( 7127): [series] 0 books sit under no configured root and 1 have no first chapter — all dropped before detection, out of 352
08-08 17:25:11.958 I/ReactNativeJS( 7127): [series] "Discworld"  41 books  (new)
08-08 17:25:11.962 I/ReactNativeJS( 7127): [series] "Discworld (2022)"  39 books  (new)
08-08 17:25:11.965 I/ReactNativeJS( 7127): [series] "Dresden Files"  22 books  (new)
08-08 17:25:11.969 I/ReactNativeJS( 7127): [series] "Demon Accords"  17 books  (new)
08-08 17:25:11.972 I/ReactNativeJS( 7127): [series] "Dungeon Crawler Carl"  8 books  (new)
08-08 17:25:11.975 I/ReactNativeJS( 7127): [series] "The Dark Tower"  8 books  (new)
08-08 17:25:11.978 I/ReactNativeJS( 7127): [series] "The First Law"  7 books  (new)
08-08 17:25:11.981 I/ReactNativeJS( 7127): [series] "Mistborn"  6 books  (new)
08-08 17:25:11.984 I/ReactNativeJS( 7127): [series] "Shadow Saga"  6 books  (new)
08-08 17:25:11.986 I/ReactNativeJS( 7127): [series] "Bobiverse"  5 books  (new)
08-08 17:25:11.989 I/ReactNativeJS( 7127): [series] "Long Earth"  5 books  (new)
08-08 17:25:11.991 I/ReactNativeJS( 7127): [series] "Lockwood and Co."  4 books  (new)
08-08 17:25:11.994 I/ReactNativeJS( 7127): [series] "Memory, Sorrow & Thorn"  4 books  (new)
08-08 17:25:11.996 I/ReactNativeJS( 7127): [series] "The Murderbot Diaries"  4 books  (new)
08-08 17:25:11.999 I/ReactNativeJS( 7127): [series] "Bromeliad"  3 books  (new)
08-08 17:25:12.001 I/ReactNativeJS( 7127): [series] "Crouch, B"  3 books  (new)
08-08 17:25:12.004 I/ReactNativeJS( 7127): [series] "Lord of the Rings"  3 books  (new)
08-08 17:25:12.006 I/ReactNativeJS( 7127): [series] "The Age of Madness"  3 books  (new)
08-08 17:25:12.009 I/ReactNativeJS( 7127): [series] "The Silo Saga"  3 books  (new)
08-08 17:25:12.012 I/ReactNativeJS( 7127): [series] "TMC"  3 books  (new)
08-08 17:25:12.014 I/ReactNativeJS( 7127): [series] "Cerulean Chronicles"  2 books  (new)
08-08 17:25:12.016 I/ReactNativeJS( 7127): [series] "Kingkiller Chronicle"  2 books  (new)
08-08 17:25:12.019 I/ReactNativeJS( 7127): [series] "Red Rising"  2 books  (new)
08-08 17:25:12.021 I/ReactNativeJS( 7127): [series] detection (conservative): 351 units → 23 series, 200 books placed · created 23 (200 rows) · inserted 0 · removed 0 · skipped 0 · 266ms
08-08 17:25:12.028 I/ReactNativeJS( 7127): [scan] 184285ms total · 3461 files, 3461 new (52.6ms/new file) — enumerate 1506ms · existing-urls 28ms · process 182191ms · cleanup 200ms · detect 338ms
08-08 17:29:47.331 W/ReactNativeJS( 7127): [series] 0 books sit under no configured root and 1 have no first chapter — all dropped before detection, out of 352
08-08 17:29:47.477 I/ReactNativeJS( 7127): [series] "Discworld"  41 books  (existing)
08-08 17:29:47.479 I/ReactNativeJS( 7127): [series] "Discworld (2022)"  39 books  (existing)
08-08 17:29:47.480 I/ReactNativeJS( 7127): [series] "Dresden Files"  22 books  (existing)
08-08 17:29:47.482 I/ReactNativeJS( 7127): [series] "Demon Accords"  17 books  (existing)
08-08 17:29:47.484 I/ReactNativeJS( 7127): [series] "Dungeon Crawler Carl"  8 books  (existing)
08-08 17:29:47.486 I/ReactNativeJS( 7127): [series] "The Dark Tower"  8 books  (existing)
08-08 17:29:47.488 I/ReactNativeJS( 7127): [series] "The First Law"  7 books  (existing)
08-08 17:29:47.489 I/ReactNativeJS( 7127): [series] "Mistborn"  6 books  (existing)
08-08 17:29:47.491 I/ReactNativeJS( 7127): [series] "Shadow Saga"  6 books  (existing)
08-08 17:29:47.492 I/ReactNativeJS( 7127): [series] "Bobiverse"  5 books  (existing)
08-08 17:29:47.493 I/ReactNativeJS( 7127): [series] "Long Earth"  5 books  (existing)
08-08 17:29:47.495 I/ReactNativeJS( 7127): [series] "Lockwood and Co."  4 books  (existing)
08-08 17:29:47.496 I/ReactNativeJS( 7127): [series] "Memory, Sorrow & Thorn"  4 books  (existing)
08-08 17:29:47.498 I/ReactNativeJS( 7127): [series] "The Murderbot Diaries"  4 books  (existing)
08-08 17:29:47.499 I/ReactNativeJS( 7127): [series] "Bromeliad"  3 books  (existing)
08-08 17:29:47.500 I/ReactNativeJS( 7127): [series] "Crouch, B"  3 books  (existing)
08-08 17:29:47.502 I/ReactNativeJS( 7127): [series] "Lord of the Rings"  3 books  (existing)
08-08 17:29:47.503 I/ReactNativeJS( 7127): [series] "The Age of Madness"  3 books  (existing)
08-08 17:29:47.505 I/ReactNativeJS( 7127): [series] "The Silo Saga"  3 books  (existing)
08-08 17:29:47.506 I/ReactNativeJS( 7127): [series] "TMC"  3 books  (existing)
08-08 17:29:47.514 I/ReactNativeJS( 7127): [series] "Cerulean Chronicles"  2 books  (existing)
08-08 17:29:47.516 I/ReactNativeJS( 7127): [series] "Kingkiller Chronicle"  2 books  (existing)
08-08 17:29:47.517 I/ReactNativeJS( 7127): [series] "Red Rising"  2 books  (existing)
08-08 17:29:47.519 I/ReactNativeJS( 7127): [series] detection (conservative): 351 units → 23 series, 200 books placed · created 0 (0 rows) · inserted 0 · removed 0 · skipped 0 · 159ms
08-08 17:29:47.522 I/ReactNativeJS( 7127): [scan] 1697ms total · 3461 files, 0 new (nothing rescanned) — enumerate 1135ms · existing-urls 176ms · process 4ms · cleanup 84ms · detect 204ms
08-08 17:39:48.494 W/ReactNativeJS( 7127): [series] 0 books sit under no configured root and 1 have no first chapter — all dropped before detection, out of 352
08-08 17:39:48.597 I/ReactNativeJS( 7127): [series] "Discworld"  41 books  (existing)
08-08 17:39:48.599 I/ReactNativeJS( 7127): [series] "Discworld (2022)"  39 books  (existing)
08-08 17:39:48.600 I/ReactNativeJS( 7127): [series] "Dresden Files"  22 books  (existing)
08-08 17:39:48.608 I/ReactNativeJS( 7127): [series] "Demon Accords"  17 books  (existing)
08-08 17:39:48.610 I/ReactNativeJS( 7127): [series] "Dungeon Crawler Carl"  8 books  (existing)
08-08 17:39:48.611 I/ReactNativeJS( 7127): [series] "The Dark Tower"  8 books  (existing)
08-08 17:39:48.613 I/ReactNativeJS( 7127): [series] "The First Law"  7 books  (existing)
08-08 17:39:48.614 I/ReactNativeJS( 7127): [series] "Mistborn"  6 books  (existing)
08-08 17:39:48.615 I/ReactNativeJS( 7127): [series] "Shadow Saga"  6 books  (existing)
08-08 17:39:48.617 I/ReactNativeJS( 7127): [series] "Bobiverse"  5 books  (existing)
08-08 17:39:48.618 I/ReactNativeJS( 7127): [series] "Long Earth"  5 books  (existing)
08-08 17:39:48.619 I/ReactNativeJS( 7127): [series] "Lockwood and Co."  4 books  (existing)
08-08 17:39:48.621 I/ReactNativeJS( 7127): [series] "Memory, Sorrow & Thorn"  4 books  (existing)
08-08 17:39:48.622 I/ReactNativeJS( 7127): [series] "The Murderbot Diaries"  4 books  (existing)
08-08 17:39:48.623 I/ReactNativeJS( 7127): [series] "Bromeliad"  3 books  (existing)
08-08 17:39:48.625 I/ReactNativeJS( 7127): [series] "Crouch, B"  3 books  (existing)
08-08 17:39:48.626 I/ReactNativeJS( 7127): [series] "Lord of the Rings"  3 books  (existing)
08-08 17:39:48.628 I/ReactNativeJS( 7127): [series] "The Age of Madness"  3 books  (existing)
08-08 17:39:48.630 I/ReactNativeJS( 7127): [series] "The Silo Saga"  3 books  (existing)
08-08 17:39:48.631 I/ReactNativeJS( 7127): [series] "TMC"  3 books  (existing)
08-08 17:39:48.633 I/ReactNativeJS( 7127): [series] "Cerulean Chronicles"  2 books  (existing)
08-08 17:39:48.634 I/ReactNativeJS( 7127): [series] "Kingkiller Chronicle"  2 books  (existing)
08-08 17:39:48.636 I/ReactNativeJS( 7127): [series] "Red Rising"  2 books  (existing)
08-08 17:39:48.637 I/ReactNativeJS( 7127): [series] detection (conservative): 351 units → 23 series, 200 books placed · created 0 (0 rows) · inserted 0 · removed 0 · skipped 0 · 119ms
08-08 17:39:48.647 I/ReactNativeJS( 7127): [scan] 1679ms total · 3461 files, 0 new (nothing rescanned) — enumerate 1122ms · existing-urls 181ms · process 8ms · cleanup 99ms · detect 163ms
08-08 17:42:51.662 W/ReactNativeJS( 7127): [series] 0 books sit under no configured root and 1 have no first chapter — all dropped before detection, out of 352
08-08 17:42:51.809 I/ReactNativeJS( 7127): [series] "Discworld"  41 books  (existing)
08-08 17:42:51.811 I/ReactNativeJS( 7127): [series] "Discworld (2022)"  39 books  (existing)
08-08 17:42:51.812 I/ReactNativeJS( 7127): [series] "Dresden Files"  22 books  (existing)
08-08 17:42:51.814 I/ReactNativeJS( 7127): [series] "Demon Accords"  17 books  (existing)
08-08 17:42:51.815 I/ReactNativeJS( 7127): [series] "Dungeon Crawler Carl"  8 books  (existing)
08-08 17:42:51.817 I/ReactNativeJS( 7127): [series] "The Dark Tower"  8 books  (existing)
08-08 17:42:51.818 I/ReactNativeJS( 7127): [series] "The First Law"  7 books  (existing)
08-08 17:42:51.820 I/ReactNativeJS( 7127): [series] "Mistborn"  6 books  (existing)
08-08 17:42:51.821 I/ReactNativeJS( 7127): [series] "Shadow Saga"  6 books  (existing)
08-08 17:42:51.822 I/ReactNativeJS( 7127): [series] "Bobiverse"  5 books  (existing)
08-08 17:42:51.824 I/ReactNativeJS( 7127): [series] "Long Earth"  5 books  (existing)
08-08 17:42:51.825 I/ReactNativeJS( 7127): [series] "Lockwood and Co."  4 books  (existing)
08-08 17:42:51.827 I/ReactNativeJS( 7127): [series] "Memory, Sorrow & Thorn"  4 books  (existing)
08-08 17:42:51.828 I/ReactNativeJS( 7127): [series] "The Murderbot Diaries"  4 books  (existing)
08-08 17:42:51.829 I/ReactNativeJS( 7127): [series] "Bromeliad"  3 books  (existing)
08-08 17:42:51.830 I/ReactNativeJS( 7127): [series] "Crouch, B"  3 books  (existing)
08-08 17:42:51.832 I/ReactNativeJS( 7127): [series] "Lord of the Rings"  3 books  (existing)
08-08 17:42:51.833 I/ReactNativeJS( 7127): [series] "The Age of Madness"  3 books  (existing)
08-08 17:42:51.834 I/ReactNativeJS( 7127): [series] "The Silo Saga"  3 books  (existing)
08-08 17:42:51.836 I/ReactNativeJS( 7127): [series] "TMC"  3 books  (existing)
08-08 17:42:51.837 I/ReactNativeJS( 7127): [series] "Cerulean Chronicles"  2 books  (existing)
08-08 17:42:51.838 I/ReactNativeJS( 7127): [series] "Kingkiller Chronicle"  2 books  (existing)
08-08 17:42:51.839 I/ReactNativeJS( 7127): [series] "Red Rising"  2 books  (existing)
08-08 17:42:51.841 I/ReactNativeJS( 7127): [series] detection (conservative): 351 units → 23 series, 200 books placed · created 0 (0 rows) · inserted 1 · removed 0 · skipped 0 · 160ms
08-08 17:42:51.843 I/ReactNativeJS( 7127): [scan] 2174ms total · 3461 files, 1 new (291.0ms/new file) — enumerate 1160ms · existing-urls 173ms · process 291ms · cleanup 245ms · detect 195ms
08-08 17:44:16.996 W/ReactNativeJS( 7127): [series] 0 books sit under no configured root and 1 have no first chapter — all dropped before detection, out of 352
08-08 17:44:17.208 I/ReactNativeJS( 7127): [series] "Discworld"  41 books  (existing)
08-08 17:44:17.209 I/ReactNativeJS( 7127): [series] "Discworld (2022)"  39 books  (existing)
08-08 17:44:17.211 I/ReactNativeJS( 7127): [series] "Dresden Files"  22 books  (existing)
08-08 17:44:17.212 I/ReactNativeJS( 7127): [series] "Demon Accords"  17 books  (existing)
08-08 17:44:17.213 I/ReactNativeJS( 7127): [series] "Dungeon Crawler Carl"  8 books  (existing)
08-08 17:44:17.215 I/ReactNativeJS( 7127): [series] "The Dark Tower"  8 books  (existing)
08-08 17:44:17.216 I/ReactNativeJS( 7127): [series] "The First Law"  7 books  (existing)
08-08 17:44:17.217 I/ReactNativeJS( 7127): [series] "Mistborn"  6 books  (existing)
08-08 17:44:17.219 I/ReactNativeJS( 7127): [series] "Shadow Saga"  6 books  (existing)
08-08 17:44:17.220 I/ReactNativeJS( 7127): [series] "Bobiverse"  5 books  (existing)
08-08 17:44:17.221 I/ReactNativeJS( 7127): [series] "Long Earth"  5 books  (existing)
08-08 17:44:17.223 I/ReactNativeJS( 7127): [series] "Lockwood and Co."  4 books  (existing)
08-08 17:44:17.224 I/ReactNativeJS( 7127): [series] "Memory, Sorrow & Thorn"  4 books  (existing)
08-08 17:44:17.225 I/ReactNativeJS( 7127): [series] "The Murderbot Diaries"  4 books  (existing)
08-08 17:44:17.226 I/ReactNativeJS( 7127): [series] "Bromeliad"  3 books  (existing)
08-08 17:44:17.228 I/ReactNativeJS( 7127): [series] "Crouch, B"  3 books  (existing)
08-08 17:44:17.229 I/ReactNativeJS( 7127): [series] "Lord of the Rings"  3 books  (existing)
08-08 17:44:17.230 I/ReactNativeJS( 7127): [series] "The Age of Madness"  3 books  (existing)
08-08 17:44:17.231 I/ReactNativeJS( 7127): [series] "The Silo Saga"  3 books  (existing)
08-08 17:44:17.233 I/ReactNativeJS( 7127): [series] "TMC"  3 books  (existing)
08-08 17:44:17.234 I/ReactNativeJS( 7127): [series] "Cerulean Chronicles"  2 books  (existing)
08-08 17:44:17.235 I/ReactNativeJS( 7127): [series] "Kingkiller Chronicle"  2 books  (existing)
08-08 17:44:17.236 I/ReactNativeJS( 7127): [series] "Red Rising"  2 books  (existing)
08-08 17:44:17.238 I/ReactNativeJS( 7127): [series] detection (conservative): 351 units → 23 series, 200 books placed · created 0 (0 rows) · inserted 1 · removed 0 · skipped 0 · 224ms
08-08 17:44:17.240 I/ReactNativeJS( 7127): [scan] 2067ms total · 3461 files, 1 new (209.0ms/new file) — enumerate 1045ms · existing-urls 196ms · process 209ms · cleanup 249ms · detect 257ms
