08-08 23:46:38.259 W/ReactNativeJS(18909): [series] 0 books sit under no configured root and 1 have no first chapter — all dropped before detection, out of 352
08-08 23:46:38.433 I/ReactNativeJS(18909): [series] "Discworld"  41 books  (new)
08-08 23:46:38.435 I/ReactNativeJS(18909): [series] "Discworld (2022)"  39 books  (new)
08-08 23:46:38.437 I/ReactNativeJS(18909): [series] "Dresden Files"  22 books  (new)
08-08 23:46:38.439 I/ReactNativeJS(18909): [series] "Demon Accords"  17 books  (new)
08-08 23:46:38.441 I/ReactNativeJS(18909): [series] "Dungeon Crawler Carl"  8 books  (new)
08-08 23:46:38.443 I/ReactNativeJS(18909): [series] "The Dark Tower"  8 books  (new)
08-08 23:46:38.444 I/ReactNativeJS(18909): [series] "The First Law"  7 books  (new)
08-08 23:46:38.446 I/ReactNativeJS(18909): [series] "Mistborn"  6 books  (new)
08-08 23:46:38.448 I/ReactNativeJS(18909): [series] "Shadow Saga"  6 books  (new)
08-08 23:46:38.449 I/ReactNativeJS(18909): [series] "Bobiverse"  5 books  (new)
08-08 23:46:38.451 I/ReactNativeJS(18909): [series] "Long Earth"  5 books  (new)
08-08 23:46:38.453 I/ReactNativeJS(18909): [series] "Lockwood and Co."  4 books  (new)
08-08 23:46:38.454 I/ReactNativeJS(18909): [series] "Memory, Sorrow & Thorn"  4 books  (new)
08-08 23:46:38.459 I/ReactNativeJS(18909): [series] "The Murderbot Diaries"  4 books  (new)
08-08 23:46:38.461 I/ReactNativeJS(18909): [series] "Bromeliad"  3 books  (new)
08-08 23:46:38.463 I/ReactNativeJS(18909): [series] "Crouch, B"  3 books  (new)
08-08 23:46:38.465 I/ReactNativeJS(18909): [series] "Lord of the Rings"  3 books  (new)
08-08 23:46:38.466 I/ReactNativeJS(18909): [series] "The Age of Madness"  3 books  (new)
08-08 23:46:38.468 I/ReactNativeJS(18909): [series] "The Silo Saga"  3 books  (new)
08-08 23:46:38.470 I/ReactNativeJS(18909): [series] "TMC"  3 books  (new)
08-08 23:46:38.471 I/ReactNativeJS(18909): [series] "Cerulean Chronicles"  2 books  (new)
08-08 23:46:38.473 I/ReactNativeJS(18909): [series] "Kingkiller Chronicle"  2 books  (new)
08-08 23:46:38.475 I/ReactNativeJS(18909): [series] "Red Rising"  2 books  (new)
08-08 23:46:38.476 I/ReactNativeJS(18909): [series] detection (conservative): 351 units → 23 series, 200 books placed · created 23 (200 rows) · inserted 0 · removed 0 · skipped 0 · 203ms
08-08 23:46:38.480 I/ReactNativeJS(18909): [scan] 172710ms total · 3461 files, 3461 new (49.3ms/new file) — enumerate 1569ms · existing-urls 27ms · process 170696ms · cleanup 156ms · detect 253ms
08-08 23:52:44.818 W/ReactNativeJS(18909): [series] 0 books sit under no configured root and 1 have no first chapter — all dropped before detection, out of 352
08-08 23:52:44.915 I/ReactNativeJS(18909): [series] "Discworld"  41 books  (suppressed)
08-08 23:52:44.916 I/ReactNativeJS(18909): [series] "Discworld (2022)"  39 books  (existing)
08-08 23:52:44.918 I/ReactNativeJS(18909): [series] "Dresden Files"  22 books  (existing)
08-08 23:52:44.920 I/ReactNativeJS(18909): [series] "Demon Accords"  17 books  (existing)
08-08 23:52:44.921 I/ReactNativeJS(18909): [series] "Dungeon Crawler Carl"  8 books  (existing)
08-08 23:52:44.922 I/ReactNativeJS(18909): [series] "The Dark Tower"  8 books  (existing)
08-08 23:52:44.924 I/ReactNativeJS(18909): [series] "The First Law"  7 books  (existing)
08-08 23:52:44.925 I/ReactNativeJS(18909): [series] "Mistborn"  6 books  (existing)
08-08 23:52:44.926 I/ReactNativeJS(18909): [series] "Shadow Saga"  6 books  (existing)
08-08 23:52:44.927 I/ReactNativeJS(18909): [series] "Bobiverse"  5 books  (existing)
08-08 23:52:44.929 I/ReactNativeJS(18909): [series] "Long Earth"  5 books  (existing)
08-08 23:52:44.930 I/ReactNativeJS(18909): [series] "Lockwood and Co."  4 books  (existing)
08-08 23:52:44.932 I/ReactNativeJS(18909): [series] "Memory, Sorrow & Thorn"  4 books  (existing)
08-08 23:52:44.933 I/ReactNativeJS(18909): [series] "The Murderbot Diaries"  4 books  (existing)
08-08 23:52:44.934 I/ReactNativeJS(18909): [series] "Bromeliad"  3 books  (existing)
08-08 23:52:44.935 I/ReactNativeJS(18909): [series] "Crouch, B"  3 books  (existing)
08-08 23:52:44.937 I/ReactNativeJS(18909): [series] "Lord of the Rings"  3 books  (existing)
08-08 23:52:44.938 I/ReactNativeJS(18909): [series] "The Age of Madness"  3 books  (existing)
08-08 23:52:44.939 I/ReactNativeJS(18909): [series] "The Silo Saga"  3 books  (existing)
08-08 23:52:44.940 I/ReactNativeJS(18909): [series] "TMC"  3 books  (existing)
08-08 23:52:44.942 I/ReactNativeJS(18909): [series] "Cerulean Chronicles"  2 books  (existing)
08-08 23:52:44.943 I/ReactNativeJS(18909): [series] "Kingkiller Chronicle"  2 books  (existing)
08-08 23:52:44.944 I/ReactNativeJS(18909): [series] "Red Rising"  2 books  (existing)
08-08 23:52:44.945 I/ReactNativeJS(18909): [series] detection (conservative): 351 units → 23 series, 200 books placed · created 0 (0 rows) · inserted 0 · removed 0 · skipped 1 · 181ms
08-08 23:54:09.569 W/ReactNativeJS(18909): [series] 0 books sit under no configured root and 1 have no first chapter — all dropped before detection, out of 352
08-08 23:54:09.670 I/ReactNativeJS(18909): [series] "Discworld"  41 books  (suppressed)
08-08 23:54:09.672 I/ReactNativeJS(18909): [series] "Discworld (2022)"  39 books  (existing)
08-08 23:54:09.673 I/ReactNativeJS(18909): [series] "Dresden Files"  22 books  (existing)
08-08 23:54:09.676 I/ReactNativeJS(18909): [series] "Demon Accords"  17 books  (existing)
08-08 23:54:09.677 I/ReactNativeJS(18909): [series] "Dungeon Crawler Carl"  8 books  (existing)
08-08 23:54:09.679 I/ReactNativeJS(18909): [series] "The Dark Tower"  8 books  (existing)
08-08 23:54:09.680 I/ReactNativeJS(18909): [series] "The First Law"  7 books  (existing)
08-08 23:54:09.682 I/ReactNativeJS(18909): [series] "Mistborn"  6 books  (existing)
08-08 23:54:09.683 I/ReactNativeJS(18909): [series] "Shadow Saga"  6 books  (existing)
08-08 23:54:09.685 I/ReactNativeJS(18909): [series] "Bobiverse"  5 books  (existing)
08-08 23:54:09.686 I/ReactNativeJS(18909): [series] "Long Earth"  5 books  (existing)
08-08 23:54:09.687 I/ReactNativeJS(18909): [series] "Lockwood and Co."  4 books  (existing)
08-08 23:54:09.689 I/ReactNativeJS(18909): [series] "Memory, Sorrow & Thorn"  4 books  (existing)
08-08 23:54:09.690 I/ReactNativeJS(18909): [series] "The Murderbot Diaries"  4 books  (existing)
08-08 23:54:09.692 I/ReactNativeJS(18909): [series] "Bromeliad"  3 books  (existing)
08-08 23:54:09.693 I/ReactNativeJS(18909): [series] "Crouch, B"  3 books  (existing)
08-08 23:54:09.694 I/ReactNativeJS(18909): [series] "Lord of the Rings"  3 books  (existing)
08-08 23:54:09.696 I/ReactNativeJS(18909): [series] "The Age of Madness"  3 books  (existing)
08-08 23:54:09.698 I/ReactNativeJS(18909): [series] "The Silo Saga"  3 books  (existing)
08-08 23:54:09.700 I/ReactNativeJS(18909): [series] "TMC"  3 books  (existing)
08-08 23:54:09.701 I/ReactNativeJS(18909): [series] "Cerulean Chronicles"  2 books  (existing)
08-08 23:54:09.702 I/ReactNativeJS(18909): [series] "Kingkiller Chronicle"  2 books  (existing)
08-08 23:54:09.704 I/ReactNativeJS(18909): [series] "Red Rising"  2 books  (existing)
08-08 23:54:09.705 I/ReactNativeJS(18909): [series] detection (conservative): 351 units → 23 series, 200 books placed · created 0 (0 rows) · inserted 0 · removed 0 · skipped 1 · 107ms
08-08 23:54:09.707 I/ReactNativeJS(18909): [scan] 1690ms total · 3461 files, 0 new (nothing rescanned) — enumerate 1148ms · existing-urls 184ms · process 8ms · cleanup 86ms · detect 152ms
08-09 00:05:03.420 W/ReactNativeJS(18909): [series] 0 books sit under no configured root and 1 have no first chapter — all dropped before detection, out of 352
08-09 00:05:03.988 I/ReactNativeJS(18909): [series] "Discworld"  41 books  (new)
08-09 00:05:03.991 I/ReactNativeJS(18909): [series] "Discworld (2022)"  39 books  (existing)
08-09 00:05:03.994 I/ReactNativeJS(18909): [series] "Dresden Files"  22 books  (suppressed)
08-09 00:05:03.995 I/ReactNativeJS(18909): [series] "Demon Accords"  17 books  (existing)
08-09 00:05:03.997 I/ReactNativeJS(18909): [series] "Dungeon Crawler Carl"  8 books  (existing)
08-09 00:05:03.998 I/ReactNativeJS(18909): [series] "The Dark Tower"  8 books  (existing)
08-09 00:05:03.999 I/ReactNativeJS(18909): [series] "The First Law"  7 books  (existing)
08-09 00:05:04.001 I/ReactNativeJS(18909): [series] "Mistborn"  6 books  (existing)
08-09 00:05:04.002 I/ReactNativeJS(18909): [series] "Shadow Saga"  6 books  (existing)
08-09 00:05:04.003 I/ReactNativeJS(18909): [series] "Bobiverse"  5 books  (suppressed)
08-09 00:05:04.004 I/ReactNativeJS(18909): [series] "Long Earth"  5 books  (existing)
08-09 00:05:04.006 I/ReactNativeJS(18909): [series] "Lockwood and Co."  4 books  (existing)
08-09 00:05:04.007 I/ReactNativeJS(18909): [series] "Memory, Sorrow & Thorn"  4 books  (existing)
08-09 00:05:04.009 I/ReactNativeJS(18909): [series] "The Murderbot Diaries"  4 books  (existing)
08-09 00:05:04.010 I/ReactNativeJS(18909): [series] "Bromeliad"  3 books  (existing)
08-09 00:05:04.011 I/ReactNativeJS(18909): [series] "Crouch, B"  3 books  (existing)
08-09 00:05:04.012 I/ReactNativeJS(18909): [series] "Lord of the Rings"  3 books  (existing)
08-09 00:05:04.014 I/ReactNativeJS(18909): [series] "The Age of Madness"  3 books  (existing)
08-09 00:05:04.018 I/ReactNativeJS(18909): [series] "The Silo Saga"  3 books  (existing)
08-09 00:05:04.020 I/ReactNativeJS(18909): [series] "TMC"  3 books  (existing)
08-09 00:05:04.021 I/ReactNativeJS(18909): [series] "Cerulean Chronicles"  2 books  (existing)
08-09 00:05:04.022 I/ReactNativeJS(18909): [series] "Kingkiller Chronicle"  2 books  (existing)
08-09 00:05:04.023 I/ReactNativeJS(18909): [series] "Red Rising"  2 books  (existing)
08-09 00:05:04.025 I/ReactNativeJS(18909): [series] detection (conservative): 351 units → 23 series, 200 books placed · created 1 (41 rows) · inserted 0 · removed 0 · skipped 2 · 643ms
08-09 00:06:12.395 W/ReactNativeJS(18909): [series] 0 books sit under no configured root and 1 have no first chapter — all dropped before detection, out of 352
08-09 00:06:12.974 I/ReactNativeJS(18909): [series] "Discworld"  41 books  (existing)
08-09 00:06:12.975 I/ReactNativeJS(18909): [series] "Discworld (2022)"  39 books  (existing)
08-09 00:06:12.978 I/ReactNativeJS(18909): [series] "Dresden Files"  22 books  (new)
08-09 00:06:12.979 I/ReactNativeJS(18909): [series] "Demon Accords"  17 books  (existing)
08-09 00:06:12.981 I/ReactNativeJS(18909): [series] "Dungeon Crawler Carl"  8 books  (existing)
08-09 00:06:12.982 I/ReactNativeJS(18909): [series] "The Dark Tower"  8 books  (existing)
08-09 00:06:12.984 I/ReactNativeJS(18909): [series] "The First Law"  7 books  (existing)
08-09 00:06:12.985 I/ReactNativeJS(18909): [series] "Mistborn"  6 books  (existing)
08-09 00:06:12.986 I/ReactNativeJS(18909): [series] "Shadow Saga"  6 books  (existing)
08-09 00:06:12.988 I/ReactNativeJS(18909): [series] "Bobiverse"  5 books  (new)
08-09 00:06:12.989 I/ReactNativeJS(18909): [series] "Long Earth"  5 books  (existing)
08-09 00:06:12.990 I/ReactNativeJS(18909): [series] "Lockwood and Co."  4 books  (existing)
08-09 00:06:12.992 I/ReactNativeJS(18909): [series] "Memory, Sorrow & Thorn"  4 books  (existing)
08-09 00:06:12.993 I/ReactNativeJS(18909): [series] "The Murderbot Diaries"  4 books  (existing)
08-09 00:06:12.994 I/ReactNativeJS(18909): [series] "Bromeliad"  3 books  (existing)
08-09 00:06:12.996 I/ReactNativeJS(18909): [series] "Crouch, B"  3 books  (existing)
08-09 00:06:12.997 I/ReactNativeJS(18909): [series] "Lord of the Rings"  3 books  (existing)
08-09 00:06:12.998 I/ReactNativeJS(18909): [series] "The Age of Madness"  3 books  (existing)
08-09 00:06:13.000 I/ReactNativeJS(18909): [series] "The Silo Saga"  3 books  (existing)
08-09 00:06:13.001 I/ReactNativeJS(18909): [series] "TMC"  3 books  (existing)
08-09 00:06:13.002 I/ReactNativeJS(18909): [series] "Cerulean Chronicles"  2 books  (existing)
08-09 00:06:13.004 I/ReactNativeJS(18909): [series] "Kingkiller Chronicle"  2 books  (existing)
08-09 00:06:13.005 I/ReactNativeJS(18909): [series] "Red Rising"  2 books  (existing)
08-09 00:06:13.006 I/ReactNativeJS(18909): [series] detection (conservative): 351 units → 23 series, 200 books placed · created 2 (27 rows) · inserted 0 · removed 0 · skipped 0 · 591ms
08-09 00:06:13.009 I/ReactNativeJS(18909): [scan] 1985ms total · 3461 files, 0 new (nothing rescanned) — enumerate 1006ms · existing-urls 180ms · process 5ms · cleanup 83ms · detect 626ms
08-09 00:12:06.206 W/ReactNativeJS(18909): [series] 0 books sit under no configured root and 1 have no first chapter — all dropped before detection, out of 352
08-09 00:12:07.003 I/ReactNativeJS(18909): [series] "Discworld"  41 books  (existing)
08-09 00:12:07.007 I/ReactNativeJS(18909): [series] "Discworld (2022)"  39 books  (existing)
08-09 00:12:07.008 I/ReactNativeJS(18909): [series] "Dresden Files"  22 books  (existing)
08-09 00:12:07.010 I/ReactNativeJS(18909): [series] "Demon Accords"  17 books  (existing)
08-09 00:12:07.011 I/ReactNativeJS(18909): [series] "Dungeon Crawler Carl"  8 books  (existing)
08-09 00:12:07.013 I/ReactNativeJS(18909): [series] "The Dark Tower"  8 books  (existing)
08-09 00:12:07.014 I/ReactNativeJS(18909): [series] "The First Law"  7 books  (existing)
08-09 00:12:07.015 I/ReactNativeJS(18909): [series] "Mistborn"  6 books  (existing)
08-09 00:12:07.016 I/ReactNativeJS(18909): [series] "Shadow Saga"  6 books  (existing)
08-09 00:12:07.018 I/ReactNativeJS(18909): [series] "Bobiverse"  5 books  (new)
08-09 00:12:07.019 I/ReactNativeJS(18909): [series] "Long Earth"  5 books  (existing)
08-09 00:12:07.020 I/ReactNativeJS(18909): [series] "Lockwood and Co."  4 books  (existing)
08-09 00:12:07.021 I/ReactNativeJS(18909): [series] "Memory, Sorrow & Thorn"  4 books  (existing)
08-09 00:12:07.022 I/ReactNativeJS(18909): [series] "The Murderbot Diaries"  4 books  (existing)
08-09 00:12:07.024 I/ReactNativeJS(18909): [series] "Bromeliad"  3 books  (existing)
08-09 00:12:07.025 I/ReactNativeJS(18909): [series] "Crouch, B"  3 books  (existing)
08-09 00:12:07.026 I/ReactNativeJS(18909): [series] "Lord of the Rings"  3 books  (existing)
08-09 00:12:07.027 I/ReactNativeJS(18909): [series] "The Age of Madness"  3 books  (existing)
08-09 00:12:07.028 I/ReactNativeJS(18909): [series] "The Silo Saga"  3 books  (existing)
08-09 00:12:07.029 I/ReactNativeJS(18909): [series] "TMC"  3 books  (existing)
08-09 00:12:07.031 I/ReactNativeJS(18909): [series] "Cerulean Chronicles"  2 books  (existing)
08-09 00:12:07.032 I/ReactNativeJS(18909): [series] "Kingkiller Chronicle"  2 books  (existing)
08-09 00:12:07.033 I/ReactNativeJS(18909): [series] "Red Rising"  2 books  (existing)
08-09 00:12:07.034 I/ReactNativeJS(18909): [series] detection (conservative): 351 units → 23 series, 200 books placed · created 1 (5 rows) · inserted 0 · removed 0 · skipped 0 · 894ms
08-09 00:40:58.717 W/ReactNativeJS(18909): [series] 0 books sit under no configured root and 1 have no first chapter — all dropped before detection, out of 352
08-09 00:40:58.839 I/ReactNativeJS(18909): [series] "Discworld"  41 books  (existing)
08-09 00:40:58.840 I/ReactNativeJS(18909): [series] "Discworld (2022)"  39 books  (existing)
08-09 00:40:58.841 I/ReactNativeJS(18909): [series] "Dresden Files"  22 books  (existing)
08-09 00:40:58.842 I/ReactNativeJS(18909): [series] "Demon Accords"  17 books  (existing)
08-09 00:40:58.843 I/ReactNativeJS(18909): [series] "Dungeon Crawler Carl"  8 books  (existing)
08-09 00:40:58.844 I/ReactNativeJS(18909): [series] "The Dark Tower"  8 books  (existing)
08-09 00:40:58.845 I/ReactNativeJS(18909): [series] "The First Law"  7 books  (existing)
08-09 00:40:58.853 I/ReactNativeJS(18909): [series] "Mistborn"  6 books  (existing)
08-09 00:40:58.854 I/ReactNativeJS(18909): [series] "Shadow Saga"  6 books  (existing)
08-09 00:40:58.855 I/ReactNativeJS(18909): [series] "Bobiverse"  5 books  (suppressed)
08-09 00:40:58.856 I/ReactNativeJS(18909): [series] "Long Earth"  5 books  (existing)
08-09 00:40:58.857 I/ReactNativeJS(18909): [series] "Lockwood and Co."  4 books  (existing)
08-09 00:40:58.858 I/ReactNativeJS(18909): [series] "Memory, Sorrow & Thorn"  4 books  (existing)
08-09 00:40:58.859 I/ReactNativeJS(18909): [series] "The Murderbot Diaries"  4 books  (existing)
08-09 00:40:58.860 I/ReactNativeJS(18909): [series] "Bromeliad"  3 books  (existing)
08-09 00:40:58.861 I/ReactNativeJS(18909): [series] "Crouch, B"  3 books  (new)
08-09 00:40:58.862 I/ReactNativeJS(18909): [series] "Lord of the Rings"  3 books  (existing)
08-09 00:40:58.863 I/ReactNativeJS(18909): [series] "The Age of Madness"  3 books  (existing)
08-09 00:40:58.864 I/ReactNativeJS(18909): [series] "The Silo Saga"  3 books  (existing)
08-09 00:40:58.865 I/ReactNativeJS(18909): [series] "TMC"  3 books  (existing)
08-09 00:40:58.868 I/ReactNativeJS(18909): [series] "Cerulean Chronicles"  2 books  (existing)
08-09 00:40:58.869 I/ReactNativeJS(18909): [series] "Kingkiller Chronicle"  2 books  (existing)
08-09 00:40:58.870 I/ReactNativeJS(18909): [series] "Red Rising"  2 books  (existing)
08-09 00:40:58.871 I/ReactNativeJS(18909): [series] detection (conservative): 351 units → 23 series, 200 books placed · created 1 (3 rows) · inserted 0 · removed 0 · skipped 1 · 143ms
08-09 00:50:22.217 W/ReactNativeJS(18909): [series] 0 books sit under no configured root and 1 have no first chapter — all dropped before detection, out of 352
08-09 00:50:22.812 I/ReactNativeJS(18909): [series] "Discworld"  41 books  (existing)
08-09 00:50:22.815 I/ReactNativeJS(18909): [series] "Discworld (2022)"  39 books  (existing)
08-09 00:50:22.817 I/ReactNativeJS(18909): [series] "Dresden Files"  22 books  (existing)
08-09 00:50:22.818 I/ReactNativeJS(18909): [series] "Demon Accords"  17 books  (existing)
08-09 00:50:22.819 I/ReactNativeJS(18909): [series] "Dungeon Crawler Carl"  8 books  (existing)
08-09 00:50:22.821 I/ReactNativeJS(18909): [series] "The Dark Tower"  8 books  (existing)
08-09 00:50:22.822 I/ReactNativeJS(18909): [series] "The First Law"  7 books  (existing)
08-09 00:50:22.823 I/ReactNativeJS(18909): [series] "Mistborn"  6 books  (existing)
08-09 00:50:22.824 I/ReactNativeJS(18909): [series] "Shadow Saga"  6 books  (existing)
08-09 00:50:22.825 I/ReactNativeJS(18909): [series] "Bobiverse"  5 books  (new)
08-09 00:50:22.827 I/ReactNativeJS(18909): [series] "Long Earth"  5 books  (existing)
08-09 00:50:22.828 I/ReactNativeJS(18909): [series] "Lockwood and Co."  4 books  (new)
08-09 00:50:22.829 I/ReactNativeJS(18909): [series] "Memory, Sorrow & Thorn"  4 books  (existing)
08-09 00:50:22.830 I/ReactNativeJS(18909): [series] "The Murderbot Diaries"  4 books  (existing)
08-09 00:50:22.835 I/ReactNativeJS(18909): [series] "Bromeliad"  3 books  (existing)
08-09 00:50:22.836 I/ReactNativeJS(18909): [series] "Crouch, B"  3 books  (existing)
08-09 00:50:22.837 I/ReactNativeJS(18909): [series] "Lord of the Rings"  3 books  (existing)
08-09 00:50:22.838 I/ReactNativeJS(18909): [series] "The Age of Madness"  3 books  (existing)
08-09 00:50:22.840 I/ReactNativeJS(18909): [series] "The Silo Saga"  3 books  (existing)
08-09 00:50:22.841 I/ReactNativeJS(18909): [series] "TMC"  3 books  (existing)
08-09 00:50:22.842 I/ReactNativeJS(18909): [series] "Cerulean Chronicles"  2 books  (existing)
08-09 00:50:22.843 I/ReactNativeJS(18909): [series] "Kingkiller Chronicle"  2 books  (existing)
08-09 00:50:22.845 I/ReactNativeJS(18909): [series] "Red Rising"  2 books  (existing)
08-09 00:50:22.846 I/ReactNativeJS(18909): [series] detection (conservative): 351 units → 23 series, 200 books placed · created 2 (9 rows) · inserted 0 · removed 0 · skipped 0 · 622ms
08-09 00:52:40.144 I/ReactNativeJS(18909): [series] detection is off — no series were read or written
08-09 00:54:17.442 W/ReactNativeJS(18909): [series] 0 books sit under no configured root and 1 have no first chapter — all dropped before detection, out of 352
08-09 00:54:17.990 I/ReactNativeJS(18909): [series] "Discworld"  41 books  (existing)
08-09 00:54:17.991 I/ReactNativeJS(18909): [series] "Discworld (2022)"  39 books  (existing)
08-09 00:54:17.992 I/ReactNativeJS(18909): [series] "Dresden Files"  22 books  (existing)
08-09 00:54:17.994 I/ReactNativeJS(18909): [series] "Demon Accords"  17 books  (existing)
08-09 00:54:17.995 I/ReactNativeJS(18909): [series] "Dungeon Crawler Carl"  8 books  (existing)
08-09 00:54:17.997 I/ReactNativeJS(18909): [series] "The Dark Tower"  8 books  (existing)
08-09 00:54:17.998 I/ReactNativeJS(18909): [series] "The First Law"  7 books  (existing)
08-09 00:54:17.999 I/ReactNativeJS(18909): [series] "Mistborn"  6 books  (existing)
08-09 00:54:18.001 I/ReactNativeJS(18909): [series] "Shadow Saga"  6 books  (existing)
08-09 00:54:18.002 I/ReactNativeJS(18909): [series] "Bobiverse"  5 books  (existing)
08-09 00:54:18.003 I/ReactNativeJS(18909): [series] "Long Earth"  5 books  (existing)
08-09 00:54:18.005 I/ReactNativeJS(18909): [series] "Lockwood and Co."  4 books  (existing)
08-09 00:54:18.006 I/ReactNativeJS(18909): [series] "Memory, Sorrow & Thorn"  4 books  (existing)
08-09 00:54:18.007 I/ReactNativeJS(18909): [series] "The Murderbot Diaries"  4 books  (existing)
08-09 00:54:18.008 I/ReactNativeJS(18909): [series] "Bromeliad"  3 books  (new)
08-09 00:54:18.010 I/ReactNativeJS(18909): [series] "Crouch, B"  3 books  (existing)
08-09 00:54:18.011 I/ReactNativeJS(18909): [series] "Lord of the Rings"  3 books  (existing)
08-09 00:54:18.013 I/ReactNativeJS(18909): [series] "The Age of Madness"  3 books  (existing)
08-09 00:54:18.014 I/ReactNativeJS(18909): [series] "The Silo Saga"  3 books  (existing)
08-09 00:54:18.015 I/ReactNativeJS(18909): [series] "TMC"  3 books  (existing)
08-09 00:54:18.016 I/ReactNativeJS(18909): [series] "Cerulean Chronicles"  2 books  (existing)
08-09 00:54:18.020 I/ReactNativeJS(18909): [series] "Kingkiller Chronicle"  2 books  (existing)
08-09 00:54:18.022 I/ReactNativeJS(18909): [series] "Red Rising"  2 books  (existing)
08-09 00:54:18.023 I/ReactNativeJS(18909): [series] detection (conservative): 351 units → 23 series, 200 books placed · created 1 (3 rows) · inserted 0 · removed 0 · skipped 0 · 646ms
